INFO:     Will watch for changes in these directories: ['C:\\football coach']
INFO:     Uvicorn running on http://0.0.0.0:3000 (Press CTRL+C to quit)
INFO:     Started reloader process [23980] using WatchFiles
INFO:     Started server process [43796]
INFO:     Waiting for application startup.
INFO:     Application startup complete.
ERROR:    Exception in ASGI application
Traceback (most recent call last):
  File "C:\Users\cybra\AppData\Roaming\Python\Python313\site-packages\uvicorn\protocols\websockets\websockets_impl.py", line 244, in run_asgi
    result = await self.app(self.scope, self.asgi_receive, self.asgi_send)  # type: ignore[func-returns-value]
             ^^^^^^^^^^^^^^^^^^^^^^^^^^^^^^^^^^^^^^^^^^^^^^^^^^^^^^^^^^^^^
  File "C:\Users\cybra\AppData\Roaming\Python\Python313\site-packages\uvicorn\middleware\proxy_headers.py", line 60, in __call__
    return await self.app(scope, receive, send)
           ^^^^^^^^^^^^^^^^^^^^^^^^^^^^^^^^^^^^
  File "C:\Users\cybra\AppData\Roaming\Python\Python313\site-packages\fastapi\applications.py", line 1054, in __call__
    await super().__call__(scope, receive, send)
  File "C:\Users\cybra\AppData\Roaming\Python\Python313\site-packages\starlette\applications.py", line 113, in __call__
    await self.middleware_stack(scope, receive, send)
  File "C:\Users\cybra\AppData\Roaming\Python\Python313\site-packages\starlette\middleware\errors.py", line 151, in __call__
    await self.app(scope, receive, send)
  File "C:\Users\cybra\AppData\Roaming\Python\Python313\site-packages\starlette\middleware\cors.py", line 77, in __call__
    await self.app(scope, receive, send)
  File "C:\Users\cybra\AppData\Roaming\Python\Python313\site-packages\starlette\middleware\exceptions.py", line 63, in __call__
    await wrap_app_handling_exceptions(self.app, conn)(scope, receive, send)
  File "C:\Users\cybra\AppData\Roaming\Python\Python313\site-packages\starlette\_exception_handler.py", line 53, in wrapped_app
    raise exc
  File "C:\Users\cybra\AppData\Roaming\Python\Python313\site-packages\starlette\_exception_handler.py", line 42, in wrapped_app
    await app(scope, receive, sender)
  File "C:\Users\cybra\AppData\Roaming\Python\Python313\site-packages\starlette\routing.py", line 716, in __call__
    await self.middleware_stack(scope, receive, send)
  File "C:\Users\cybra\AppData\Roaming\Python\Python313\site-packages\starlette\routing.py", line 736, in app
    await route.handle(scope, receive, send)
  File "C:\Users\cybra\AppData\Roaming\Python\Python313\site-packages\starlette\routing.py", line 462, in handle
    await self.app(scope, receive, send)
  File "C:\Users\cybra\AppData\Roaming\Python\Python313\site-packages\starlette\staticfiles.py", line 91, in __call__
    assert scope["type"] == "http"
           ^^^^^^^^^^^^^^^^^^^^^^^
AssertionError
INFO:     connection open
INFO:     connection closed
ERROR:    Exception in ASGI application
Traceback (most recent call last):
  File "C:\Users\cybra\AppData\Roaming\Python\Python313\site-packages\uvicorn\protocols\websockets\websockets_impl.py", line 244, in run_asgi
    result = await self.app(self.scope, self.asgi_receive, self.asgi_send)  # type: ignore[func-returns-value]
             ^^^^^^^^^^^^^^^^^^^^^^^^^^^^^^^^^^^^^^^^^^^^^^^^^^^^^^^^^^^^^
  File "C:\Users\cybra\AppData\Roaming\Python\Python313\site-packages\uvicorn\middleware\proxy_headers.py", line 60, in __call__
    return await self.app(scope, receive, send)
           ^^^^^^^^^^^^^^^^^^^^^^^^^^^^^^^^^^^^
  File "C:\Users\cybra\AppData\Roaming\Python\Python313\site-packages\fastapi\applications.py", line 1054, in __call__
    await super().__call__(scope, receive, send)
  File "C:\Users\cybra\AppData\Roaming\Python\Python313\site-packages\starlette\applications.py", line 113, in __call__
    await self.middleware_stack(scope, receive, send)
  File "C:\Users\cybra\AppData\Roaming\Python\Python313\site-packages\starlette\middleware\errors.py", line 151, in __call__
    await self.app(scope, receive, send)
  File "C:\Users\cybra\AppData\Roaming\Python\Python313\site-packages\starlette\middleware\cors.py", line 77, in __call__
    await self.app(scope, receive, send)
  File "C:\Users\cybra\AppData\Roaming\Python\Python313\site-packages\starlette\middleware\exceptions.py", line 63, in __call__
    await wrap_app_handling_exceptions(self.app, conn)(scope, receive, send)
  File "C:\Users\cybra\AppData\Roaming\Python\Python313\site-packages\starlette\_exception_handler.py", line 53, in wrapped_app
    raise exc
  File "C:\Users\cybra\AppData\Roaming\Python\Python313\site-packages\starlette\_exception_handler.py", line 42, in wrapped_app
    await app(scope, receive, sender)
  File "C:\Users\cybra\AppData\Roaming\Python\Python313\site-packages\starlette\routing.py", line 716, in __call__
    await self.middleware_stack(scope, receive, send)
  File "C:\Users\cybra\AppData\Roaming\Python\Python313\site-packages\starlette\routing.py", line 736, in app
    await route.handle(scope, receive, send)
  File "C:\Users\cybra\AppData\Roaming\Python\Python313\site-packages\starlette\routing.py", line 462, in handle
    await self.app(scope, receive, send)
  File "C:\Users\cybra\AppData\Roaming\Python\Python313\site-packages\starlette\staticfiles.py", line 91, in __call__
    assert scope["type"] == "http"
           ^^^^^^^^^^^^^^^^^^^^^^^
AssertionError
INFO:     connection open
INFO:     connection closed
WARNING:  WatchFiles detected changes in 'backend\engine\fsm.py'. Reloading...
ERROR:    Exception in ASGI application
Traceback (most recent call last):
  File "C:\Users\cybra\AppData\Roaming\Python\Python313\site-packages\uvicorn\protocols\websockets\websockets_impl.py", line 244, in run_asgi
    result = await self.app(self.scope, self.asgi_receive, self.asgi_send)  # type: ignore[func-returns-value]
             ^^^^^^^^^^^^^^^^^^^^^^^^^^^^^^^^^^^^^^^^^^^^^^^^^^^^^^^^^^^^^
  File "C:\Users\cybra\AppData\Roaming\Python\Python313\site-packages\uvicorn\middleware\proxy_headers.py", line 60, in __call__
    return await self.app(scope, receive, send)
           ^^^^^^^^^^^^^^^^^^^^^^^^^^^^^^^^^^^^
  File "C:\Users\cybra\AppData\Roaming\Python\Python313\site-packages\fastapi\applications.py", line 1054, in __call__
    await super().__call__(scope, receive, send)
  File "C:\Users\cybra\AppData\Roaming\Python\Python313\site-packages\starlette\applications.py", line 113, in __call__
    await self.middleware_stack(scope, receive, send)
  File "C:\Users\cybra\AppData\Roaming\Python\Python313\site-packages\starlette\middleware\errors.py", line 151, in __call__
    await self.app(scope, receive, send)
  File "C:\Users\cybra\AppData\Roaming\Python\Python313\site-packages\starlette\middleware\cors.py", line 77, in __call__
    await self.app(scope, receive, send)
  File "C:\Users\cybra\AppData\Roaming\Python\Python313\site-packages\starlette\middleware\exceptions.py", line 63, in __call__
    await wrap_app_handling_exceptions(self.app, conn)(scope, receive, send)
  File "C:\Users\cybra\AppData\Roaming\Python\Python313\site-packages\starlette\_exception_handler.py", line 53, in wrapped_app
    raise exc
  File "C:\Users\cybra\AppData\Roaming\Python\Python313\site-packages\starlette\_exception_handler.py", line 42, in wrapped_app
    await app(scope, receive, sender)
  File "C:\Users\cybra\AppData\Roaming\Python\Python313\site-packages\starlette\routing.py", line 716, in __call__
    await self.middleware_stack(scope, receive, send)
  File "C:\Users\cybra\AppData\Roaming\Python\Python313\site-packages\starlette\routing.py", line 736, in app
    await route.handle(scope, receive, send)
  File "C:\Users\cybra\AppData\Roaming\Python\Python313\site-packages\starlette\routing.py", line 462, in handle
    await self.app(scope, receive, send)
  File "C:\Users\cybra\AppData\Roaming\Python\Python313\site-packages\starlette\staticfiles.py", line 91, in __call__
    assert scope["type"] == "http"
           ^^^^^^^^^^^^^^^^^^^^^^^
AssertionError
INFO:     connection open
INFO:     connection closed
INFO:     Shutting down
INFO:     Waiting for application shutdown.
INFO:     Application shutdown complete.
INFO:     Finished server process [43796]
WARNING:  WatchFiles detected changes in 'server\routes\playbook.py', 'backend\engine\fsm.py', 'server\routes\game_stream.py', 'backend\app\main.py'. Reloading...
Process SpawnProcess-2:
Traceback (most recent call last):
  File "C:\Program Files\Python313\Lib\multiprocessing\process.py", line 313, in _bootstrap
    self.run()
    ~~~~~~~~^^
  File "C:\Program Files\Python313\Lib\multiprocessing\process.py", line 108, in run
    self._target(*self._args, **self._kwargs)
    ~~~~~~~~~~~~^^^^^^^^^^^^^^^^^^^^^^^^^^^^^
  File "C:\Users\cybra\AppData\Roaming\Python\Python313\site-packages\uvicorn\_subprocess.py", line 73, in subprocess_started
    sys.stdin = os.fdopen(stdin_fileno)  # pragma: full coverage
                ~~~~~~~~~^^^^^^^^^^^^^^
  File "<frozen os>", line 1069, in fdopen
  File "<frozen codecs>", line 312, in __init__
KeyboardInterrupt
INFO:     Started server process [1716]
INFO:     Waiting for application startup.
INFO:     Application startup complete.
